./NetworkInterfaces/Contract/Ieee802154Const.h
./NetworkInterfaces/Contract/Ieee802154Def.h
./NetworkInterfaces/Contract/Ieee802154Enum.h
./NetworkInterfaces/Contract/Ieee802154Field.h
./NetworkInterfaces/macLayer/Ieee802154Link.cc
./NetworkInterfaces/macLayer/Ieee802154Link.h
./NetworkInterfaces/macLayer/Ieee802154Mac.cc
./NetworkInterfaces/macLayer/Ieee802154Mac.h
./NetworkInterfaces/phyLayer/Ieee802154Phy.cc
./NetworkInterfaces/phyLayer/Ieee802154Phy.h
./NetworkInterfaces/phyLayer/Ieee802154RadioModel.cc
./NetworkInterfaces/phyLayer/Ieee802154RadioModel.h
./Network/Ieee802154StarRouting/Ieee802154StarRouting.cc
./Network/Ieee802154StarRouting/Ieee802154StarRouting.h
./Isabel/Analyses/AnalysisEnergy.cc
./Isabel/Analyses/AnalysisEnergy.h
./Isabel/Applications/TrafficGenerator/TrafGen.cc
./Isabel/Applications/TrafficGenerator/TrafGen.h
./Isabel/Base/Display.cc
./Isabel/Base/Display.h
./Isabel/Battery/BasicBattery.cc
./Isabel/Battery/BasicBattery.h
./Isabel/Battery/ConsumedCPUTime.h
./Isabel/Battery/Energy.h
./Isabel/Battery/EnergyConsumption.h
./Isabel/Mobility/RandomWPMobilityTrace.cc
./Isabel/Mobility/RandomWPMobilityTrace.h
./Isabel/Mobility/StaticMobility.cc
./Isabel/Mobility/StaticMobility.h
./Isabel/Mobility/StaticPlaceMobility.cc
./Isabel/Mobility/StaticPlaceMobility.h
./Battery/Ieee802154Battery.cc
./Battery/Ieee802154Battery.h
./Applications/Ieee802154TestApp/Ieee802154TestApp.cc
./Applications/Ieee802154TestApp/Ieee802154TestApp.h
